root@f1143473e1e3:/# python --version
Python 3.13.3
root@f1143473e1e3:/# c
bash: c: command not found
root@f1143473e1e3:/# sudo apt update
sudo apt install build-essential procps curl file git
bash: sudo: command not found
bash: sudo: command not found
root@f1143473e1e3:/# apt update
Get:1 http://deb.debian.org/debian bookworm InRelease [151 kB]
Get:2 http://deb.debian.org/debian bookworm-updates InRelease [55.4 kB]
Get:3 http://deb.debian.org/debian-security bookworm-security InRelease [48.0 kB]
Get:4 http://deb.debian.org/debian bookworm/main amd64 Packages [8793 kB]
Get:5 http://deb.debian.org/debian bookworm-updates/main amd64 Packages [756 B]                                                                             
Get:6 http://deb.debian.org/debian-security bookworm-security/main amd64 Packages [267 kB]                                                                  
Fetched 9315 kB in 22s (426 kB/s)                                                                                                                           
Reading package lists... Done
Building dependency tree... Done
Reading state information... Done
65 packages can be upgraded. Run 'apt list --upgradable' to see them.
root@f1143473e1e3:/# sudo apt install build-essential procps curl file git
bash: sudo: command not found
root@f1143473e1e3:/# apt install build-essential procps curl file git
Reading package lists... Done
Building dependency tree... Done
Reading state information... Done
procps is already the newest version (2:4.0.2-3).
curl is already the newest version (7.88.1-10+deb12u12).
file is already the newest version (1:5.44-3).
git is already the newest version (1:2.39.5-0+deb12u2).
The following NEW packages will be installed:
  build-essential
0 upgraded, 1 newly installed, 0 to remove and 65 not upgraded.
Need to get 7704 B of archives.
After this operation, 20.5 kB of additional disk space will be used.
Do you want to continue? [Y/n] y
Get:1 http://deb.debian.org/debian bookworm/main amd64 build-essential amd64 12.9 [7704 B]
Fetched 7704 B in 0s (21.2 kB/s)         
debconf: delaying package configuration, since apt-utils is not installed
Selecting previously unselected package build-essential.
(Reading database ... 23967 files and directories currently installed.)
Preparing to unpack .../build-essential_12.9_amd64.deb ...
Unpacking build-essential (12.9) ...
Setting up build-essential (12.9) ...
root@f1143473e1e3:/# /bin/bash -c "$(curl -fsSL https://raw.githubusercontent.com/Homebrew/install/HEAD/install.sh)"
==> Checking for `sudo` access (which may request your password)...
==> This script will install:
/home/linuxbrew/.linuxbrew/bin/brew
/home/linuxbrew/.linuxbrew/share/doc/homebrew
/home/linuxbrew/.linuxbrew/share/man/man1/brew.1
/home/linuxbrew/.linuxbrew/share/zsh/site-functions/_brew
/home/linuxbrew/.linuxbrew/etc/bash_completion.d/brew
/home/linuxbrew/.linuxbrew/Homebrew
==> The following new directories will be created:
/home/linuxbrew/.linuxbrew/bin
/home/linuxbrew/.linuxbrew/etc
/home/linuxbrew/.linuxbrew/include
/home/linuxbrew/.linuxbrew/lib
/home/linuxbrew/.linuxbrew/sbin
/home/linuxbrew/.linuxbrew/share
/home/linuxbrew/.linuxbrew/var
/home/linuxbrew/.linuxbrew/opt
/home/linuxbrew/.linuxbrew/share/zsh
/home/linuxbrew/.linuxbrew/share/zsh/site-functions
/home/linuxbrew/.linuxbrew/var/homebrew
/home/linuxbrew/.linuxbrew/var/homebrew/linked
/home/linuxbrew/.linuxbrew/Cellar
/home/linuxbrew/.linuxbrew/Caskroom
/home/linuxbrew/.linuxbrew/Frameworks

Press RETURN/ENTER to continue or any other key to abort:
==> /usr/bin/install -d -o root -g root -m 0755 /home/linuxbrew/.linuxbrew
==> /bin/mkdir -p /home/linuxbrew/.linuxbrew/bin /home/linuxbrew/.linuxbrew/etc /home/linuxbrew/.linuxbrew/include /home/linuxbrew/.linuxbrew/lib /home/linuxbrew/.linuxbrew/sbin /home/linuxbrew/.linuxbrew/share /home/linuxbrew/.linuxbrew/var /home/linuxbrew/.linuxbrew/opt /home/linuxbrew/.linuxbrew/share/zsh /home/linuxbrew/.linuxbrew/share/zsh/site-functions /home/linuxbrew/.linuxbrew/var/homebrew /home/linuxbrew/.linuxbrew/var/homebrew/linked /home/linuxbrew/.linuxbrew/Cellar /home/linuxbrew/.linuxbrew/Caskroom /home/linuxbrew/.linuxbrew/Frameworks
==> /bin/chmod ug=rwx /home/linuxbrew/.linuxbrew/bin /home/linuxbrew/.linuxbrew/etc /home/linuxbrew/.linuxbrew/include /home/linuxbrew/.linuxbrew/lib /home/linuxbrew/.linuxbrew/sbin /home/linuxbrew/.linuxbrew/share /home/linuxbrew/.linuxbrew/var /home/linuxbrew/.linuxbrew/opt /home/linuxbrew/.linuxbrew/share/zsh /home/linuxbrew/.linuxbrew/share/zsh/site-functions /home/linuxbrew/.linuxbrew/var/homebrew /home/linuxbrew/.linuxbrew/var/homebrew/linked /home/linuxbrew/.linuxbrew/Cellar /home/linuxbrew/.linuxbrew/Caskroom /home/linuxbrew/.linuxbrew/Frameworks
==> /bin/chmod go-w /home/linuxbrew/.linuxbrew/share/zsh /home/linuxbrew/.linuxbrew/share/zsh/site-functions
==> /bin/chown root /home/linuxbrew/.linuxbrew/bin /home/linuxbrew/.linuxbrew/etc /home/linuxbrew/.linuxbrew/include /home/linuxbrew/.linuxbrew/lib /home/linuxbrew/.linuxbrew/sbin /home/linuxbrew/.linuxbrew/share /home/linuxbrew/.linuxbrew/var /home/linuxbrew/.linuxbrew/opt /home/linuxbrew/.linuxbrew/share/zsh /home/linuxbrew/.linuxbrew/share/zsh/site-functions /home/linuxbrew/.linuxbrew/var/homebrew /home/linuxbrew/.linuxbrew/var/homebrew/linked /home/linuxbrew/.linuxbrew/Cellar /home/linuxbrew/.linuxbrew/Caskroom /home/linuxbrew/.linuxbrew/Frameworks
==> /bin/chgrp root /home/linuxbrew/.linuxbrew/bin /home/linuxbrew/.linuxbrew/etc /home/linuxbrew/.linuxbrew/include /home/linuxbrew/.linuxbrew/lib /home/linuxbrew/.linuxbrew/sbin /home/linuxbrew/.linuxbrew/share /home/linuxbrew/.linuxbrew/var /home/linuxbrew/.linuxbrew/opt /home/linuxbrew/.linuxbrew/share/zsh /home/linuxbrew/.linuxbrew/share/zsh/site-functions /home/linuxbrew/.linuxbrew/var/homebrew /home/linuxbrew/.linuxbrew/var/homebrew/linked /home/linuxbrew/.linuxbrew/Cellar /home/linuxbrew/.linuxbrew/Caskroom /home/linuxbrew/.linuxbrew/Frameworks
==> /bin/mkdir -p /home/linuxbrew/.linuxbrew/Homebrew
==> /bin/chown -R root:root /home/linuxbrew/.linuxbrew/Homebrew
==> Downloading and installing Homebrew...
remote: Enumerating objects: 303688, done.
remote: Counting objects: 100% (346/346), done.
remote: Compressing objects: 100% (189/189), done.


^C
root@f1143473e1e3:/# echo 'eval "$(/home/linuxbrew/.linuxbrew/bin/brew shellenv)"' >> ~/.bashrc
eval "$(/home/linuxbrew/.linuxbrew/bin/brew shellenv)"
bash: /home/linuxbrew/.linuxbrew/bin/brew: No such file or directory
root@f1143473e1e3:/# /bin/bash -c "$(curl -fsSL https://raw.githubusercontent.com/Homebrew/install/HEAD/install.sh)"
==> Checking for `sudo` access (which may request your password)...
==> This script will install:
/home/linuxbrew/.linuxbrew/bin/brew
/home/linuxbrew/.linuxbrew/share/doc/homebrew
/home/linuxbrew/.linuxbrew/share/man/man1/brew.1
/home/linuxbrew/.linuxbrew/share/zsh/site-functions/_brew
/home/linuxbrew/.linuxbrew/etc/bash_completion.d/brew
/home/linuxbrew/.linuxbrew/Homebrew

Press RETURN/ENTER to continue or any other key to abort:
==> /bin/chown -R root:root /home/linuxbrew/.linuxbrew/Homebrew
==> Downloading and installing Homebrew...
remote: Enumerating objects: 303688, done.
remote: Counting objects: 100% (346/346), done.
remote: Compressing objects: 100% (189/189), done.
remote: Total 303688 (delta 249), reused 201 (delta 157), pack-reused 303342 (from 5)
remote: Enumerating objects: 55, done.
remote: Counting objects: 100% (33/33), done.
remote: Total 55 (delta 33), reused 33 (delta 33), pack-reused 22 (from 1)
==> Updating Homebrew...
==> Downloading https://ghcr.io/v2/homebrew/portable-ruby/portable-ruby/blobs/sha256:b5c9268815fbab7b7971307b2871f4206e081218b9deb4625d668d6c3563483b
######################################################################## 100.0%
==> Pouring portable-ruby-3.4.4.x86_64_linux.bottle.tar.gz
Warning: /home/linuxbrew/.linuxbrew/bin is not in your PATH.
  Instructions on how to configure your shell for Homebrew
  can be found in the 'Next steps' section below.
==> Installation successful!

==> Homebrew has enabled anonymous aggregate formulae and cask analytics.
Read the analytics documentation (and how to opt-out) here:
  https://docs.brew.sh/Analytics
No analytics data has been sent yet (nor will any be during this install run).

==> Homebrew is run entirely by unpaid volunteers. Please consider donating:
  https://github.com/Homebrew/brew#donations

==> Next steps:
- Run this command in your terminal to add Homebrew to your PATH:
    eval "$(/home/linuxbrew/.linuxbrew/bin/brew shellenv)"
- Install Homebrew's dependencies if you have sudo access:
    sudo apt-get install build-essential
  For more information, see:
    https://docs.brew.sh/Homebrew-on-Linux
- We recommend that you install GCC:
    brew install gcc
- Run brew help to get started
- Further documentation:
    https://docs.brew.sh

root@f1143473e1e3:/# eval "$(/home/linuxbrew/.linuxbrew/bin/brew shellenv)"
root@f1143473e1e3:/# apt-get install build-essential
Reading package lists... Done
Building dependency tree... Done
Reading state information... Done
build-essential is already the newest version (12.9).
0 upgraded, 0 newly installed, 0 to remove and 65 not upgraded.
root@f1143473e1e3:/# brew install gcc
==> Downloading https://ghcr.io/v2/homebrew/core/gcc/manifests/15.1.0
